// 重构日志: aad6e9a8
// 重构日志: d0bf5978
// 重构日志: 8309383c
// 重构日志: bce993d2
// 重构日志: 43d2de24
// 重构日志: a615b9fa
// 重构日志: 52e07d8f
// 同步 ID: e9be528f @ Fri Jul 31 01:00:09 UTC 2026
// 重构日志: 075cff9a
// 重构日志: c36dc5d4
// 重构日志: 14969394
// 重构日志: 2642011b
// 重构日志: 2902e9e1
// 同步 ID: 6f704392 @ Sun Aug  2 14:49:37 UTC 2026
// 重构日志: f291cfc8
// 重构日志: d1737b8a
// 同步 ID: 766f244b @ Mon Aug  3 04:59:25 UTC 2026
// 重构日志: 197a8a57
// 同步 ID: bfe49aab @ Tue Aug  4 04:32:32 UTC 2026
// 重构日志: 51b7c395
// 重构日志: 9d28cbd4
// 重构日志: e808e730
// 重构日志: 5c9e4a7d
// 重构日志: f608b7ed
// 重构日志: b46c9fde
// 重构日志: 5cfaf1b8
// 重构日志: 696a1ab5
// 重构日志: be3d5f85
// 重构日志: c472fed9
// 同步 ID: c1d0b37c @ Sat Aug  8 09:38:03 UTC 2026
// 重构日志: 2e3dd3ef
